{
    "Test - nft-nifti - precision 2": {
        "content": [
            "output.nii.gz:md5,eb1bc18d187c12991d18a9b26175b071"
        ],
        "meta": {
            "nf-test": "0.9.0",
            "nextflow": "23.10.0"
        },
        "timestamp": "2024-08-16T09:48:18.39733413"
    },
    "Test - nft-nifti - precision 8": {
        "content": [
            "output.nii.gz:md5,df1eedb67d9511f0919a9f88d0031281"
        ],
        "meta": {
            "nf-test": "0.9.0",
            "nextflow": "23.10.0"
        },
        "timestamp": "2024-08-16T09:48:26.00410779"
    },
    "Test - nft-nifti - precision default": {
        "content": [
            "output.nii.gz:md5,df1eedb67d9511f0919a9f88d0031281"
        ],
        "meta": {
            "nf-test": "0.9.0",
            "nextflow": "23.10.0"
        },
        "timestamp": "2024-08-16T09:48:22.169359996"
    }
}